// Jest Snapshot v1, https://goo.gl/fbAQLP

exports[`LandToken terraform simulations 3x3 world 1`] = `
" 7, 9, 6
 4, 1, 2
 5, 8, 3"
`;

exports[`LandToken terraform simulations 5x5 world 1`] = `
"17,19,22,20,24
15,13,25,16, 7
14, 5, 1, 2, 6
21,12,23, 3,11
18,10, 9, 4, 8"
`;

exports[`LandToken terraform simulations 9x9 world 1`] = `
"66,51,58,73,77,72,67,71,68
50,45,63,74,75,64,65,76,60
69,34,26,57,80,59,79,62,39
53,78,13,17,81,48,70,49,33
35,25, 8, 5, 1, 2, 6, 7,31
43,55,11,36,54, 3,18,40,28
23,19,14,20, 9, 4,15,16,22
42,24,47,21,29,10,12,56,27
61,30,44,46,41,32,38,52,37"
`;
